// Jest Snapshot v1, https://goo.gl/fbAQLP

exports[`renders correctly 1`] = `
<View
  style={
    Array [
      Object {
        "backgroundColor": "white",
        "borderColor": "#e1e8ee",
        "borderWidth": 1,
        "margin": 15,
        "marginBottom": 0,
        "padding": 15,
        "shadowColor": "rgba(0,0,0, .2)",
        "shadowOffset": Object {
          "height": 0,
          "width": 0,
        },
        "shadowOpacity": 1,
        "shadowRadius": 1,
      },
      Object {
        "padding": 0,
      },
      undefined,
    ]
  }
>
  <View
    style={
      Array [
        Object {
          "backgroundColor": "transparent",
        },
        undefined,
        undefined,
      ]
    }
  >
    <View
      style={undefined}
    >
      <View
        style={
          Array [
            Object {
              "height": 150,
              "width": null,
            },
            undefined,
          ]
        }
      >
        <Image
          resizeMode="cover"
          source={
            Object {
              "uri": "https://avatars1.githubusercontent.com/u/196647...",
            }
          }
          style={
            Array [
              Object {
                "bottom": 0,
                "left": 0,
                "position": "absolute",
                "right": 0,
                "top": 0,
              },
              Object {
                "height": undefined,
                "width": undefined,
              },
              undefined,
            ]
          }
        />
      </View>
      <View
        style={
          Array [
            Object {
              "padding": 10,
            },
            undefined,
          ]
        }
      >
        <Text
          accessible={true}
          allowFontScaling={true}
          ellipsizeMode="tail"
          style={
            Object {
              "color": "rgba(0, 0, 0, 0.87)",
              "fontFamily": "Nunito",
              "fontSize": 14,
              "lineHeight": 14,
              "marginBottom": 10,
            }
          }
        >
          Your 
          <Text
            accessible={true}
            allowFontScaling={true}
            ellipsizeMode="tail"
            style={
              Object {
                "color": "rgba(0, 0, 0, 0.87)",
                "fontFamily": "Nunito",
                "fontSize": 14,
                "fontWeight": "bold",
                "lineHeight": 14,
              }
            }
          />
           day Support Seminar is with 
          <Text
            accessible={true}
            allowFontScaling={true}
            ellipsizeMode="tail"
            style={
              Object {
                "color": "rgba(0, 0, 0, 0.87)",
                "fontFamily": "Nunito",
                "fontSize": 14,
                "fontWeight": "bold",
                "lineHeight": 14,
              }
            }
          >
            Nick
             
            DeGroot
          </Text>
           in room 
          <Text
            accessible={true}
            allowFontScaling={true}
            ellipsizeMode="tail"
            style={
              Object {
                "fontWeight": "bold",
              }
            }
          >
            205
          </Text>
        </Text>
        <View
          style={
            Array [
              Object {
                "marginLeft": 15,
                "marginRight": 15,
              },
              undefined,
              undefined,
              undefined,
            ]
          }
        >
          <View
            accessibilityComponentType={undefined}
            accessibilityLabel={undefined}
            accessibilityTraits={undefined}
            accessible={true}
            hasTVPreferredFocus={undefined}
            hitSlop={undefined}
            isTVSelectable={true}
            nativeID={undefined}
            onLayout={undefined}
            onResponderGrant={[Function]}
            onResponderMove={[Function]}
            onResponderRelease={[Function]}
            onResponderTerminate={[Function]}
            onResponderTerminationRequest={[Function]}
            onStartShouldSetResponder={[Function]}
            style={
              Array [
                Object {
                  "backgroundColor": "transparent",
                },
                undefined,
              ]
            }
            testID={undefined}
            tvParallaxProperties={undefined}
          >
            <View
              pointerEvents="box-only"
              style={
                Array [
                  Object {
                    "alignItems": "center",
                    "backgroundColor": "#9E9E9E",
                    "flexDirection": "row",
                    "justifyContent": "center",
                    "padding": 19,
                  },
                  undefined,
                  undefined,
                  undefined,
                  undefined,
                  undefined,
                  Object {
                    "backgroundColor": "#1E88E5",
                  },
                  undefined,
                  Object {
                    "padding": 12,
                  },
                  undefined,
                  undefined,
                  undefined,
                  Object {
                    "borderRadius": 0,
                    "marginBottom": 0,
                    "marginLeft": 0,
                    "marginRight": 0,
                  },
                  undefined,
                  undefined,
                ]
              }
            >
              <Text
                accessible={true}
                allowFontScaling={false}
                ellipsizeMode="tail"
                style={
                  Array [
                    Object {
                      "color": "white",
                      "fontSize": 18,
                    },
                    Array [
                      Object {
                        "marginRight": 10,
                      },
                      undefined,
                    ],
                    Object {
                      "fontFamily": "Material Icons",
                      "fontStyle": "normal",
                      "fontWeight": "normal",
                    },
                  ]
                }
              >
                î‚¾
              </Text>
              <Text
                accessible={true}
                allowFontScaling={true}
                ellipsizeMode="tail"
                style={
                  Array [
                    Object {},
                    undefined,
                    undefined,
                    undefined,
                    undefined,
                    undefined,
                    undefined,
                    undefined,
                    undefined,
                    undefined,
                    Array [
                      Object {
                        "color": "white",
                        "fontSize": 20,
                      },
                      undefined,
                      Object {
                        "fontSize": 17.5,
                      },
                      undefined,
                      undefined,
                      undefined,
                      Object {
                        "fontFamily": "Josefin Slab",
                      },
                    ],
                  ]
                }
              >
                E-Mail Teacher
              </Text>
            </View>
          </View>
        </View>
      </View>
    </View>
  </View>
</View>
`;
